// Vitest Snapshot v1, https://vitest.dev/guide/snapshot.html

exports[`HistoryRange > should render HistoryRange component correctly 1`] = `
<DocumentFragment>
  <div
    class="inline-flex rounded-md shadow-sm"
    role="group"
  >
    <button
      class="px-4 py-2 text-sm font-medium border border-gray-200 focus:z-10 focus:ring-2 focus:ring-blue-700 dark:border-gray-600 dark:hover:bg-gray-600 dark:focus:ring-blue-500 bg-blue-700 text-white hover:bg-blue-800 focus:bg-blue-800 focus:text-white dark:bg-blue-700 dark:text-white dark:hover:bg-blue-800 dark:focus:bg-blue-800 dark:focus:text-white rounded-l-md "
      type="button"
    >
      Last 7 days
    </button>
    <button
      class="px-4 py-2 text-sm font-medium border border-gray-200 focus:z-10 focus:ring-2 focus:ring-blue-700 dark:border-gray-600 dark:hover:bg-gray-600 dark:focus:ring-blue-500 bg-white text-blue-700 hover:bg-gray-100 focus:text-blue-700 dark:bg-gray-700 dark:text-white dark:focus:text-white  "
      type="button"
    >
      Last 30 days
    </button>
    <button
      class="px-4 py-2 text-sm font-medium border border-gray-200 focus:z-10 focus:ring-2 focus:ring-blue-700 dark:border-gray-600 dark:hover:bg-gray-600 dark:focus:ring-blue-500 bg-white text-blue-700 hover:bg-gray-100 focus:text-blue-700 dark:bg-gray-700 dark:text-white dark:focus:text-white  rounded-r-md"
      type="button"
    >
      Last 90 days
    </button>
  </div>
</DocumentFragment>
`;
