// Vitest Snapshot v1, https://vitest.dev/guide/snapshot.html

exports[`should render Home component 1`] = `
{
  "asFragment": [Function],
  "baseElement": <body>
    <div>
      <div
        class="flex justify-center text-center"
      >
        <div
          class="md:w-11/12 p-6"
        >
          <div
            class="flex p-3 items-center"
          >
            <div
              class="md:w-6/12"
            >
              <h3
                class="text-2xl md:text-4xl font-extrabold text-transparent bg-clip-text bg-linear-to-r from-blue-700 to-purple-500"
              >
                Good morning, 
                James Smith
              </h3>
            </div>
            <div
              class="md:w-6/12"
            >
              <div
                class="inline-flex rounded-md shadow-sm"
                role="group"
              >
                <button
                  class="px-2 py-1 sm:px-4 sm:py-2 text-xs sm:text-sm font-medium border border-gray-200 focus:z-10 focus:ring-2 focus:ring-blue-700 dark:border-gray-600 dark:hover:bg-gray-600 dark:focus:ring-blue-500 bg-blue-700 text-white hover:bg-blue-800 focus:bg-blue-800 focus:text-white dark:bg-blue-700 dark:text-white dark:hover:bg-blue-800 dark:focus:bg-blue-800 dark:focus:text-white rounded-l-md "
                  type="button"
                >
                  Last 7 days
                </button>
                <button
                  class="px-2 py-1 sm:px-4 sm:py-2 text-xs sm:text-sm font-medium border border-gray-200 focus:z-10 focus:ring-2 focus:ring-blue-700 dark:border-gray-600 dark:hover:bg-gray-600 dark:focus:ring-blue-500 bg-white text-blue-700 hover:bg-gray-100 focus:text-blue-700 dark:bg-gray-700 dark:text-white dark:focus:text-white  "
                  type="button"
                >
                  Last 30 days
                </button>
                <button
                  class="px-2 py-1 sm:px-4 sm:py-2 text-xs sm:text-sm font-medium border border-gray-200 focus:z-10 focus:ring-2 focus:ring-blue-700 dark:border-gray-600 dark:hover:bg-gray-600 dark:focus:ring-blue-500 bg-white text-blue-700 hover:bg-gray-100 focus:text-blue-700 dark:bg-gray-700 dark:text-white dark:focus:text-white  rounded-r-md"
                  type="button"
                >
                  Last 90 days
                </button>
              </div>
            </div>
          </div>
          <div
            class="grid grid-cols-1 md:grid-cols-5 gap-4 my-8 px-3 cursor-default"
          >
            <div
              class="bg-white p-4 rounded-lg shadow-md flex flex-col items-center justify-center text-center"
            >
              <i
                class="bi bi-cash-coin text-3xl text-blue-500 mb-2"
              />
              <div
                class="text-2xl font-bold"
              >
                $300k
              </div>
              <div
                class="text-sm text-gray-500"
              >
                Actual Rev.
              </div>
            </div>
            <div
              class="bg-white p-4 rounded-lg shadow-md flex flex-col items-center justify-center text-center"
            >
              <i
                class="bi bi-wallet2 text-3xl text-blue-500 mb-2"
              />
              <div
                class="text-2xl font-bold"
              >
                $150k
              </div>
              <div
                class="text-sm text-gray-500"
              >
                Open Rev.
              </div>
            </div>
            <div
              class="bg-white p-4 rounded-lg shadow-md flex flex-col items-center justify-center text-center"
            >
              <i
                class="bi bi-trophy text-3xl text-blue-500 mb-2"
              />
              <div
                class="text-2xl font-bold"
              >
                $280k
              </div>
              <div
                class="text-sm text-gray-500"
              >
                Deals-Won
              </div>
            </div>
            <div
              class="bg-white p-4 rounded-lg shadow-md flex flex-col items-center justify-center text-center"
            >
              <i
                class="bi bi-graph-up-arrow text-3xl text-blue-500 mb-2"
              />
              <div
                class="text-2xl font-bold"
              >
                63%
              </div>
              <div
                class="text-sm text-gray-500"
              >
                Win-Rate
              </div>
            </div>
            <div
              class="bg-white p-4 rounded-lg shadow-md flex flex-col items-center justify-center text-center"
            >
              <i
                class="bi bi-pie-chart text-3xl text-blue-500 mb-2"
              />
              <div
                class="text-2xl font-bold"
              >
                58%
              </div>
              <div
                class="text-sm text-gray-500"
              >
                Avg. Deal Size
              </div>
            </div>
          </div>
          <div
            class="flex flex-col items-center mt-8 p-3"
          >
            <div
              class="w-full text-center"
            >
              <h3
                class="text-4xl font-extrabold text-blue-800 text-center pb-3 mb-2"
              >
                What are your customers talking about?
              </h3>
              <p
                class="text-2xl text-gray-500 mb-8"
              >
                Understand what's happening on sales calls, so you can coach your sellers better.
              </p>
              <div
                class="bg-white rounded-lg shadow-md p-6 mt-4 hover:shadow-lg transition-shadow duration-300"
              >
                <h4
                  class="text-lg font-semibold text-gray-800 border-b border-gray-200 pb-2 mb-4"
                >
                  Tracked Keywords
                </h4>
                <div
                  class="flex flex-col md:flex-row items-center"
                >
                  <div
                    class="w-full md:w-1/2"
                  >
                    <div
                      class="h-64"
                    >
                      <canvas
                        height="0"
                        role="img"
                        style="display: block; box-sizing: border-box; height: 0px; width: 0px;"
                        width="0"
                      />
                    </div>
                  </div>
                  <div
                    class="w-full md:w-1/2 text-left p-4"
                  >
                    <p>
                      Keywords 
                      <span
                        class="font-bold"
                      >
                        3D Printing
                      </span>
                       and 
                      <span
                        class="font-bold"
                      >
                        Manufacturing
                      </span>
                       are trending upward across sales calls.
                    </p>
                    <p
                      class="text-gray-500 mt-2"
                    >
                      Tracked keywords can provide insights into what your customers are talking about, which could surface sales opportunities.
                    </p>
                  </div>
                </div>
              </div>
              <div
                class="bg-white rounded-lg shadow-md p-6 mt-4 hover:shadow-lg transition-shadow duration-300"
              >
                <h4
                  class="text-lg font-semibold text-gray-800 border-b border-gray-200 pb-2 mb-4"
                >
                  Sentiment
                </h4>
                <div
                  class="flex flex-col md:flex-row items-center"
                >
                  <div
                    class="w-full md:w-1/2"
                  >
                    <div
                      class="h-64"
                    >
                      <canvas
                        height="0"
                        role="img"
                        style="display: block; box-sizing: border-box; height: 0px; width: 0px;"
                        width="0"
                      />
                    </div>
                  </div>
                  <div
                    class="w-full md:w-1/2 text-left p-4"
                  >
                    <p>
                      <span
                        class="font-bold"
                      >
                        35 sales calls
                      </span>
                       have noticeably higher positive sentiment than average.
                    </p>
                    <p
                      class="text-gray-500 mt-2"
                    >
                      Negative sentiment might indicate that customers are expressing pain points, which could present coaching opportunities.
                    </p>
                  </div>
                </div>
              </div>
              <div
                class="bg-white rounded-lg shadow-md p-6 mt-4 hover:shadow-lg transition-shadow duration-300"
              >
                <h4
                  class="text-lg font-semibold text-gray-800 border-b border-gray-200 pb-2 mb-4"
                >
                  Brands
                </h4>
                <div
                  class="flex flex-col md:flex-row items-center"
                >
                  <div
                    class="w-full md:w-1/2"
                  >
                    <div
                      class="h-64"
                    >
                      <canvas
                        height="0"
                        role="img"
                        style="display: block; box-sizing: border-box; height: 0px; width: 0px;"
                        width="0"
                      />
                    </div>
                  </div>
                  <div
                    class="w-full md:w-1/2 text-left p-4"
                  >
                    <p>
                      Customer mentions of the brands 
                      <span
                        class="font-bold"
                      >
                        Brand 1
                      </span>
                       and 
                      <span
                        class="font-bold"
                      >
                        Brand 2
                      </span>
                       have been detected across sales calls.
                    </p>
                    <p
                      class="text-gray-500 mt-2"
                    >
                      When customers mention brands, it can surface new competitors and opportunities to update sales strategies.
                    </p>
                  </div>
                </div>
              </div>
            </div>
          </div>
          <div
            class="flex p-3 pb-10 cursor-default"
          >
            <div
              class="w-full bg-white rounded-lg shadow-md p-6 mt-6"
            >
              <h4
                class="text-lg font-semibold text-gray-800 border-b border-gray-200 pb-2 mb-4"
              >
                Team Insights
              </h4>
              <div
                class="hidden md:flex text-sm text-gray-500 font-semibold mb-2"
              >
                <div
                  class="w-3/12"
                >
                  SELLER
                </div>
                <div
                  class="w-3/12"
                >
                  METRIC
                </div>
                <div
                  class="w-3/12"
                >
                  VALUE
                </div>
                <div
                  class="w-3/12"
                >
                  COMPARISON
                </div>
              </div>
              <div
                class="flex flex-col"
              >
                <div
                  class="border-b border-gray-200 last:border-b-0"
                >
                  <div
                    class="flex flex-col md:flex-row items-start md:items-center py-5 px-4 hover:bg-gray-50 transition-colors duration-200 cursor-pointer"
                  >
                    <div
                      class="w-full md:w-3/12 flex items-center mb-2 md:mb-0"
                    >
                      <img
                        alt="John Smith"
                        class="w-10 h-10 rounded-full mr-3"
                        src="https://i.pravatar.cc/150?u=johnsmith"
                      />
                      <span
                        class="font-semibold text-gray-800"
                      >
                        John Smith
                      </span>
                    </div>
                    <div
                      class="w-full md:w-3/12 text-gray-600 mb-2 md:mb-0"
                    >
                      <span
                        class="font-semibold md:hidden"
                      >
                        Metric: 
                      </span>
                      Talk Ratio
                    </div>
                    <div
                      class="w-full md:w-3/12 font-bold text-gray-800 mb-2 md:mb-0"
                    >
                      <span
                        class="font-semibold md:hidden"
                      >
                        Value: 
                      </span>
                      68%
                    </div>
                    <div
                      class="w-full md:w-3/12 text-gray-500 text-sm mb-2 md:mb-0"
                    >
                      <span
                        class="font-semibold md:hidden"
                      >
                        Comparison: 
                      </span>
                      +21% vs. Top Performers
                    </div>
                    <div
                      class="w-full md:w-1/12 flex justify-end md:justify-center mt-2 md:mt-0 flex-shrink-0"
                    >
                      <button
                        aria-label="Toggle details"
                        class="text-gray-400 hover:text-blue-500 p-2 transition-transform duration-300"
                        style="transform: rotate(0deg);"
                      >
                        <i
                          class="bi bi-chevron-down"
                        />
                      </button>
                    </div>
                  </div>
                  <div
                    class="overflow-hidden transition-all duration-300 ease-in-out max-h-0"
                    data-testid="details-panel"
                  >
                    <div
                      class="bg-gray-50 p-4 text-left text-gray-600"
                    >
                      <p>
                        John spoke for 41 minutes out of a 60-minute call, significantly higher than the team average. Coaching opportunity: practice active listening.
                      </p>
                    </div>
                  </div>
                </div>
                <div
                  class="border-b border-gray-200 last:border-b-0"
                >
                  <div
                    class="flex flex-col md:flex-row items-start md:items-center py-5 px-4 hover:bg-gray-50 transition-colors duration-200 cursor-pointer"
                  >
                    <div
                      class="w-full md:w-3/12 flex items-center mb-2 md:mb-0"
                    >
                      <img
                        alt="Jane Smith"
                        class="w-10 h-10 rounded-full mr-3"
                        src="https://i.pravatar.cc/150?u=janesmith"
                      />
                      <span
                        class="font-semibold text-gray-800"
                      >
                        Jane Smith
                      </span>
                    </div>
                    <div
                      class="w-full md:w-3/12 text-gray-600 mb-2 md:mb-0"
                    >
                      <span
                        class="font-semibold md:hidden"
                      >
                        Metric: 
                      </span>
                      Talk Ratio
                    </div>
                    <div
                      class="w-full md:w-3/12 font-bold text-gray-800 mb-2 md:mb-0"
                    >
                      <span
                        class="font-semibold md:hidden"
                      >
                        Value: 
                      </span>
                      51%
                    </div>
                    <div
                      class="w-full md:w-3/12 text-gray-500 text-sm mb-2 md:mb-0"
                    >
                      <span
                        class="font-semibold md:hidden"
                      >
                        Comparison: 
                      </span>
                      -9% vs. Top Performers
                    </div>
                    <div
                      class="w-full md:w-1/12 flex justify-end md:justify-center mt-2 md:mt-0 flex-shrink-0"
                    >
                      <button
                        aria-label="Toggle details"
                        class="text-gray-400 hover:text-blue-500 p-2 transition-transform duration-300"
                        style="transform: rotate(0deg);"
                      >
                        <i
                          class="bi bi-chevron-down"
                        />
                      </button>
                    </div>
                  </div>
                  <div
                    class="overflow-hidden transition-all duration-300 ease-in-out max-h-0"
                    data-testid="details-panel"
                  >
                    <div
                      class="bg-gray-50 p-4 text-left text-gray-600"
                    >
                      <p>
                        Jane maintains a healthy talk-listen balance, closely aligning with top performers. A good example for team training.
                      </p>
                    </div>
                  </div>
                </div>
                <div
                  class="border-b border-gray-200 last:border-b-0"
                >
                  <div
                    class="flex flex-col md:flex-row items-start md:items-center py-5 px-4 hover:bg-gray-50 transition-colors duration-200 cursor-pointer"
                  >
                    <div
                      class="w-full md:w-3/12 flex items-center mb-2 md:mb-0"
                    >
                      <img
                        alt="Simon Doe"
                        class="w-10 h-10 rounded-full mr-3"
                        src="https://i.pravatar.cc/150?u=simondoe"
                      />
                      <span
                        class="font-semibold text-gray-800"
                      >
                        Simon Doe
                      </span>
                    </div>
                    <div
                      class="w-full md:w-3/12 text-gray-600 mb-2 md:mb-0"
                    >
                      <span
                        class="font-semibold md:hidden"
                      >
                        Metric: 
                      </span>
                      Words Per Minute
                    </div>
                    <div
                      class="w-full md:w-3/12 font-bold text-gray-800 mb-2 md:mb-0"
                    >
                      <span
                        class="font-semibold md:hidden"
                      >
                        Value: 
                      </span>
                      118
                    </div>
                    <div
                      class="w-full md:w-3/12 text-gray-500 text-sm mb-2 md:mb-0"
                    >
                      <span
                        class="font-semibold md:hidden"
                      >
                        Comparison: 
                      </span>
                      -21% vs. Top Performers
                    </div>
                    <div
                      class="w-full md:w-1/12 flex justify-end md:justify-center mt-2 md:mt-0 flex-shrink-0"
                    >
                      <button
                        aria-label="Toggle details"
                        class="text-gray-400 hover:text-blue-500 p-2 transition-transform duration-300"
                        style="transform: rotate(0deg);"
                      >
                        <i
                          class="bi bi-chevron-down"
                        />
                      </button>
                    </div>
                  </div>
                  <div
                    class="overflow-hidden transition-all duration-300 ease-in-out max-h-0"
                    data-testid="details-panel"
                  >
                    <div
                      class="bg-gray-50 p-4 text-left text-gray-600"
                    >
                      <p>
                        Simon speaks at a slower pace, which can be good for clarity but may affect engagement on shorter calls. Consider context.
                      </p>
                    </div>
                  </div>
                </div>
                <div
                  class="border-b border-gray-200 last:border-b-0"
                >
                  <div
                    class="flex flex-col md:flex-row items-start md:items-center py-5 px-4 hover:bg-gray-50 transition-colors duration-200 cursor-pointer"
                  >
                    <div
                      class="w-full md:w-3/12 flex items-center mb-2 md:mb-0"
                    >
                      <img
                        alt="William Blake"
                        class="w-10 h-10 rounded-full mr-3"
                        src="https://i.pravatar.cc/150?u=williamblake"
                      />
                      <span
                        class="font-semibold text-gray-800"
                      >
                        William Blake
                      </span>
                    </div>
                    <div
                      class="w-full md:w-3/12 text-gray-600 mb-2 md:mb-0"
                    >
                      <span
                        class="font-semibold md:hidden"
                      >
                        Metric: 
                      </span>
                      Words Per Minute
                    </div>
                    <div
                      class="w-full md:w-3/12 font-bold text-gray-800 mb-2 md:mb-0"
                    >
                      <span
                        class="font-semibold md:hidden"
                      >
                        Value: 
                      </span>
                      118
                    </div>
                    <div
                      class="w-full md:w-3/12 text-gray-500 text-sm mb-2 md:mb-0"
                    >
                      <span
                        class="font-semibold md:hidden"
                      >
                        Comparison: 
                      </span>
                      -21% vs. Top Performers
                    </div>
                    <div
                      class="w-full md:w-1/12 flex justify-end md:justify-center mt-2 md:mt-0 flex-shrink-0"
                    >
                      <button
                        aria-label="Toggle details"
                        class="text-gray-400 hover:text-blue-500 p-2 transition-transform duration-300"
                        style="transform: rotate(0deg);"
                      >
                        <i
                          class="bi bi-chevron-down"
                        />
                      </button>
                    </div>
                  </div>
                  <div
                    class="overflow-hidden transition-all duration-300 ease-in-out max-h-0"
                    data-testid="details-panel"
                  >
                    <div
                      class="bg-gray-50 p-4 text-left text-gray-600"
                    >
                      <p>
                        Similar to Simon, William speaks at a slower pace. This might be a team-wide trend for this particular metric.
                      </p>
                    </div>
                  </div>
                </div>
              </div>
            </div>
          </div>
        </div>
      </div>
    </div>
  </body>,
  "container": <div>
    <div
      class="flex justify-center text-center"
    >
      <div
        class="md:w-11/12 p-6"
      >
        <div
          class="flex p-3 items-center"
        >
          <div
            class="md:w-6/12"
          >
            <h3
              class="text-2xl md:text-4xl font-extrabold text-transparent bg-clip-text bg-linear-to-r from-blue-700 to-purple-500"
            >
              Good morning, 
              James Smith
            </h3>
          </div>
          <div
            class="md:w-6/12"
          >
            <div
              class="inline-flex rounded-md shadow-sm"
              role="group"
            >
              <button
                class="px-2 py-1 sm:px-4 sm:py-2 text-xs sm:text-sm font-medium border border-gray-200 focus:z-10 focus:ring-2 focus:ring-blue-700 dark:border-gray-600 dark:hover:bg-gray-600 dark:focus:ring-blue-500 bg-blue-700 text-white hover:bg-blue-800 focus:bg-blue-800 focus:text-white dark:bg-blue-700 dark:text-white dark:hover:bg-blue-800 dark:focus:bg-blue-800 dark:focus:text-white rounded-l-md "
                type="button"
              >
                Last 7 days
              </button>
              <button
                class="px-2 py-1 sm:px-4 sm:py-2 text-xs sm:text-sm font-medium border border-gray-200 focus:z-10 focus:ring-2 focus:ring-blue-700 dark:border-gray-600 dark:hover:bg-gray-600 dark:focus:ring-blue-500 bg-white text-blue-700 hover:bg-gray-100 focus:text-blue-700 dark:bg-gray-700 dark:text-white dark:focus:text-white  "
                type="button"
              >
                Last 30 days
              </button>
              <button
                class="px-2 py-1 sm:px-4 sm:py-2 text-xs sm:text-sm font-medium border border-gray-200 focus:z-10 focus:ring-2 focus:ring-blue-700 dark:border-gray-600 dark:hover:bg-gray-600 dark:focus:ring-blue-500 bg-white text-blue-700 hover:bg-gray-100 focus:text-blue-700 dark:bg-gray-700 dark:text-white dark:focus:text-white  rounded-r-md"
                type="button"
              >
                Last 90 days
              </button>
            </div>
          </div>
        </div>
        <div
          class="grid grid-cols-1 md:grid-cols-5 gap-4 my-8 px-3 cursor-default"
        >
          <div
            class="bg-white p-4 rounded-lg shadow-md flex flex-col items-center justify-center text-center"
          >
            <i
              class="bi bi-cash-coin text-3xl text-blue-500 mb-2"
            />
            <div
              class="text-2xl font-bold"
            >
              $300k
            </div>
            <div
              class="text-sm text-gray-500"
            >
              Actual Rev.
            </div>
          </div>
          <div
            class="bg-white p-4 rounded-lg shadow-md flex flex-col items-center justify-center text-center"
          >
            <i
              class="bi bi-wallet2 text-3xl text-blue-500 mb-2"
            />
            <div
              class="text-2xl font-bold"
            >
              $150k
            </div>
            <div
              class="text-sm text-gray-500"
            >
              Open Rev.
            </div>
          </div>
          <div
            class="bg-white p-4 rounded-lg shadow-md flex flex-col items-center justify-center text-center"
          >
            <i
              class="bi bi-trophy text-3xl text-blue-500 mb-2"
            />
            <div
              class="text-2xl font-bold"
            >
              $280k
            </div>
            <div
              class="text-sm text-gray-500"
            >
              Deals-Won
            </div>
          </div>
          <div
            class="bg-white p-4 rounded-lg shadow-md flex flex-col items-center justify-center text-center"
          >
            <i
              class="bi bi-graph-up-arrow text-3xl text-blue-500 mb-2"
            />
            <div
              class="text-2xl font-bold"
            >
              63%
            </div>
            <div
              class="text-sm text-gray-500"
            >
              Win-Rate
            </div>
          </div>
          <div
            class="bg-white p-4 rounded-lg shadow-md flex flex-col items-center justify-center text-center"
          >
            <i
              class="bi bi-pie-chart text-3xl text-blue-500 mb-2"
            />
            <div
              class="text-2xl font-bold"
            >
              58%
            </div>
            <div
              class="text-sm text-gray-500"
            >
              Avg. Deal Size
            </div>
          </div>
        </div>
        <div
          class="flex flex-col items-center mt-8 p-3"
        >
          <div
            class="w-full text-center"
          >
            <h3
              class="text-4xl font-extrabold text-blue-800 text-center pb-3 mb-2"
            >
              What are your customers talking about?
            </h3>
            <p
              class="text-2xl text-gray-500 mb-8"
            >
              Understand what's happening on sales calls, so you can coach your sellers better.
            </p>
            <div
              class="bg-white rounded-lg shadow-md p-6 mt-4 hover:shadow-lg transition-shadow duration-300"
            >
              <h4
                class="text-lg font-semibold text-gray-800 border-b border-gray-200 pb-2 mb-4"
              >
                Tracked Keywords
              </h4>
              <div
                class="flex flex-col md:flex-row items-center"
              >
                <div
                  class="w-full md:w-1/2"
                >
                  <div
                    class="h-64"
                  >
                    <canvas
                      height="0"
                      role="img"
                      style="display: block; box-sizing: border-box; height: 0px; width: 0px;"
                      width="0"
                    />
                  </div>
                </div>
                <div
                  class="w-full md:w-1/2 text-left p-4"
                >
                  <p>
                    Keywords 
                    <span
                      class="font-bold"
                    >
                      3D Printing
                    </span>
                     and 
                    <span
                      class="font-bold"
                    >
                      Manufacturing
                    </span>
                     are trending upward across sales calls.
                  </p>
                  <p
                    class="text-gray-500 mt-2"
                  >
                    Tracked keywords can provide insights into what your customers are talking about, which could surface sales opportunities.
                  </p>
                </div>
              </div>
            </div>
            <div
              class="bg-white rounded-lg shadow-md p-6 mt-4 hover:shadow-lg transition-shadow duration-300"
            >
              <h4
                class="text-lg font-semibold text-gray-800 border-b border-gray-200 pb-2 mb-4"
              >
                Sentiment
              </h4>
              <div
                class="flex flex-col md:flex-row items-center"
              >
                <div
                  class="w-full md:w-1/2"
                >
                  <div
                    class="h-64"
                  >
                    <canvas
                      height="0"
                      role="img"
                      style="display: block; box-sizing: border-box; height: 0px; width: 0px;"
                      width="0"
                    />
                  </div>
                </div>
                <div
                  class="w-full md:w-1/2 text-left p-4"
                >
                  <p>
                    <span
                      class="font-bold"
                    >
                      35 sales calls
                    </span>
                     have noticeably higher positive sentiment than average.
                  </p>
                  <p
                    class="text-gray-500 mt-2"
                  >
                    Negative sentiment might indicate that customers are expressing pain points, which could present coaching opportunities.
                  </p>
                </div>
              </div>
            </div>
            <div
              class="bg-white rounded-lg shadow-md p-6 mt-4 hover:shadow-lg transition-shadow duration-300"
            >
              <h4
                class="text-lg font-semibold text-gray-800 border-b border-gray-200 pb-2 mb-4"
              >
                Brands
              </h4>
              <div
                class="flex flex-col md:flex-row items-center"
              >
                <div
                  class="w-full md:w-1/2"
                >
                  <div
                    class="h-64"
                  >
                    <canvas
                      height="0"
                      role="img"
                      style="display: block; box-sizing: border-box; height: 0px; width: 0px;"
                      width="0"
                    />
                  </div>
                </div>
                <div
                  class="w-full md:w-1/2 text-left p-4"
                >
                  <p>
                    Customer mentions of the brands 
                    <span
                      class="font-bold"
                    >
                      Brand 1
                    </span>
                     and 
                    <span
                      class="font-bold"
                    >
                      Brand 2
                    </span>
                     have been detected across sales calls.
                  </p>
                  <p
                    class="text-gray-500 mt-2"
                  >
                    When customers mention brands, it can surface new competitors and opportunities to update sales strategies.
                  </p>
                </div>
              </div>
            </div>
          </div>
        </div>
        <div
          class="flex p-3 pb-10 cursor-default"
        >
          <div
            class="w-full bg-white rounded-lg shadow-md p-6 mt-6"
          >
            <h4
              class="text-lg font-semibold text-gray-800 border-b border-gray-200 pb-2 mb-4"
            >
              Team Insights
            </h4>
            <div
              class="hidden md:flex text-sm text-gray-500 font-semibold mb-2"
            >
              <div
                class="w-3/12"
              >
                SELLER
              </div>
              <div
                class="w-3/12"
              >
                METRIC
              </div>
              <div
                class="w-3/12"
              >
                VALUE
              </div>
              <div
                class="w-3/12"
              >
                COMPARISON
              </div>
            </div>
            <div
              class="flex flex-col"
            >
              <div
                class="border-b border-gray-200 last:border-b-0"
              >
                <div
                  class="flex flex-col md:flex-row items-start md:items-center py-5 px-4 hover:bg-gray-50 transition-colors duration-200 cursor-pointer"
                >
                  <div
                    class="w-full md:w-3/12 flex items-center mb-2 md:mb-0"
                  >
                    <img
                      alt="John Smith"
                      class="w-10 h-10 rounded-full mr-3"
                      src="https://i.pravatar.cc/150?u=johnsmith"
                    />
                    <span
                      class="font-semibold text-gray-800"
                    >
                      John Smith
                    </span>
                  </div>
                  <div
                    class="w-full md:w-3/12 text-gray-600 mb-2 md:mb-0"
                  >
                    <span
                      class="font-semibold md:hidden"
                    >
                      Metric: 
                    </span>
                    Talk Ratio
                  </div>
                  <div
                    class="w-full md:w-3/12 font-bold text-gray-800 mb-2 md:mb-0"
                  >
                    <span
                      class="font-semibold md:hidden"
                    >
                      Value: 
                    </span>
                    68%
                  </div>
                  <div
                    class="w-full md:w-3/12 text-gray-500 text-sm mb-2 md:mb-0"
                  >
                    <span
                      class="font-semibold md:hidden"
                    >
                      Comparison: 
                    </span>
                    +21% vs. Top Performers
                  </div>
                  <div
                    class="w-full md:w-1/12 flex justify-end md:justify-center mt-2 md:mt-0 flex-shrink-0"
                  >
                    <button
                      aria-label="Toggle details"
                      class="text-gray-400 hover:text-blue-500 p-2 transition-transform duration-300"
                      style="transform: rotate(0deg);"
                    >
                      <i
                        class="bi bi-chevron-down"
                      />
                    </button>
                  </div>
                </div>
                <div
                  class="overflow-hidden transition-all duration-300 ease-in-out max-h-0"
                  data-testid="details-panel"
                >
                  <div
                    class="bg-gray-50 p-4 text-left text-gray-600"
                  >
                    <p>
                      John spoke for 41 minutes out of a 60-minute call, significantly higher than the team average. Coaching opportunity: practice active listening.
                    </p>
                  </div>
                </div>
              </div>
              <div
                class="border-b border-gray-200 last:border-b-0"
              >
                <div
                  class="flex flex-col md:flex-row items-start md:items-center py-5 px-4 hover:bg-gray-50 transition-colors duration-200 cursor-pointer"
                >
                  <div
                    class="w-full md:w-3/12 flex items-center mb-2 md:mb-0"
                  >
                    <img
                      alt="Jane Smith"
                      class="w-10 h-10 rounded-full mr-3"
                      src="https://i.pravatar.cc/150?u=janesmith"
                    />
                    <span
                      class="font-semibold text-gray-800"
                    >
                      Jane Smith
                    </span>
                  </div>
                  <div
                    class="w-full md:w-3/12 text-gray-600 mb-2 md:mb-0"
                  >
                    <span
                      class="font-semibold md:hidden"
                    >
                      Metric: 
                    </span>
                    Talk Ratio
                  </div>
                  <div
                    class="w-full md:w-3/12 font-bold text-gray-800 mb-2 md:mb-0"
                  >
                    <span
                      class="font-semibold md:hidden"
                    >
                      Value: 
                    </span>
                    51%
                  </div>
                  <div
                    class="w-full md:w-3/12 text-gray-500 text-sm mb-2 md:mb-0"
                  >
                    <span
                      class="font-semibold md:hidden"
                    >
                      Comparison: 
                    </span>
                    -9% vs. Top Performers
                  </div>
                  <div
                    class="w-full md:w-1/12 flex justify-end md:justify-center mt-2 md:mt-0 flex-shrink-0"
                  >
                    <button
                      aria-label="Toggle details"
                      class="text-gray-400 hover:text-blue-500 p-2 transition-transform duration-300"
                      style="transform: rotate(0deg);"
                    >
                      <i
                        class="bi bi-chevron-down"
                      />
                    </button>
                  </div>
                </div>
                <div
                  class="overflow-hidden transition-all duration-300 ease-in-out max-h-0"
                  data-testid="details-panel"
                >
                  <div
                    class="bg-gray-50 p-4 text-left text-gray-600"
                  >
                    <p>
                      Jane maintains a healthy talk-listen balance, closely aligning with top performers. A good example for team training.
                    </p>
                  </div>
                </div>
              </div>
              <div
                class="border-b border-gray-200 last:border-b-0"
              >
                <div
                  class="flex flex-col md:flex-row items-start md:items-center py-5 px-4 hover:bg-gray-50 transition-colors duration-200 cursor-pointer"
                >
                  <div
                    class="w-full md:w-3/12 flex items-center mb-2 md:mb-0"
                  >
                    <img
                      alt="Simon Doe"
                      class="w-10 h-10 rounded-full mr-3"
                      src="https://i.pravatar.cc/150?u=simondoe"
                    />
                    <span
                      class="font-semibold text-gray-800"
                    >
                      Simon Doe
                    </span>
                  </div>
                  <div
                    class="w-full md:w-3/12 text-gray-600 mb-2 md:mb-0"
                  >
                    <span
                      class="font-semibold md:hidden"
                    >
                      Metric: 
                    </span>
                    Words Per Minute
                  </div>
                  <div
                    class="w-full md:w-3/12 font-bold text-gray-800 mb-2 md:mb-0"
                  >
                    <span
                      class="font-semibold md:hidden"
                    >
                      Value: 
                    </span>
                    118
                  </div>
                  <div
                    class="w-full md:w-3/12 text-gray-500 text-sm mb-2 md:mb-0"
                  >
                    <span
                      class="font-semibold md:hidden"
                    >
                      Comparison: 
                    </span>
                    -21% vs. Top Performers
                  </div>
                  <div
                    class="w-full md:w-1/12 flex justify-end md:justify-center mt-2 md:mt-0 flex-shrink-0"
                  >
                    <button
                      aria-label="Toggle details"
                      class="text-gray-400 hover:text-blue-500 p-2 transition-transform duration-300"
                      style="transform: rotate(0deg);"
                    >
                      <i
                        class="bi bi-chevron-down"
                      />
                    </button>
                  </div>
                </div>
                <div
                  class="overflow-hidden transition-all duration-300 ease-in-out max-h-0"
                  data-testid="details-panel"
                >
                  <div
                    class="bg-gray-50 p-4 text-left text-gray-600"
                  >
                    <p>
                      Simon speaks at a slower pace, which can be good for clarity but may affect engagement on shorter calls. Consider context.
                    </p>
                  </div>
                </div>
              </div>
              <div
                class="border-b border-gray-200 last:border-b-0"
              >
                <div
                  class="flex flex-col md:flex-row items-start md:items-center py-5 px-4 hover:bg-gray-50 transition-colors duration-200 cursor-pointer"
                >
                  <div
                    class="w-full md:w-3/12 flex items-center mb-2 md:mb-0"
                  >
                    <img
                      alt="William Blake"
                      class="w-10 h-10 rounded-full mr-3"
                      src="https://i.pravatar.cc/150?u=williamblake"
                    />
                    <span
                      class="font-semibold text-gray-800"
                    >
                      William Blake
                    </span>
                  </div>
                  <div
                    class="w-full md:w-3/12 text-gray-600 mb-2 md:mb-0"
                  >
                    <span
                      class="font-semibold md:hidden"
                    >
                      Metric: 
                    </span>
                    Words Per Minute
                  </div>
                  <div
                    class="w-full md:w-3/12 font-bold text-gray-800 mb-2 md:mb-0"
                  >
                    <span
                      class="font-semibold md:hidden"
                    >
                      Value: 
                    </span>
                    118
                  </div>
                  <div
                    class="w-full md:w-3/12 text-gray-500 text-sm mb-2 md:mb-0"
                  >
                    <span
                      class="font-semibold md:hidden"
                    >
                      Comparison: 
                    </span>
                    -21% vs. Top Performers
                  </div>
                  <div
                    class="w-full md:w-1/12 flex justify-end md:justify-center mt-2 md:mt-0 flex-shrink-0"
                  >
                    <button
                      aria-label="Toggle details"
                      class="text-gray-400 hover:text-blue-500 p-2 transition-transform duration-300"
                      style="transform: rotate(0deg);"
                    >
                      <i
                        class="bi bi-chevron-down"
                      />
                    </button>
                  </div>
                </div>
                <div
                  class="overflow-hidden transition-all duration-300 ease-in-out max-h-0"
                  data-testid="details-panel"
                >
                  <div
                    class="bg-gray-50 p-4 text-left text-gray-600"
                  >
                    <p>
                      Similar to Simon, William speaks at a slower pace. This might be a team-wide trend for this particular metric.
                    </p>
                  </div>
                </div>
              </div>
            </div>
          </div>
        </div>
      </div>
    </div>
  </div>,
  "debug": [Function],
  "findAllByAltText": [Function],
  "findAllByDisplayValue": [Function],
  "findAllByLabelText": [Function],
  "findAllByPlaceholderText": [Function],
  "findAllByRole": [Function],
  "findAllByTestId": [Function],
  "findAllByText": [Function],
  "findAllByTitle": [Function],
  "findByAltText": [Function],
  "findByDisplayValue": [Function],
  "findByLabelText": [Function],
  "findByPlaceholderText": [Function],
  "findByRole": [Function],
  "findByTestId": [Function],
  "findByText": [Function],
  "findByTitle": [Function],
  "getAllByAltText": [Function],
  "getAllByDisplayValue": [Function],
  "getAllByLabelText": [Function],
  "getAllByPlaceholderText": [Function],
  "getAllByRole": [Function],
  "getAllByTestId": [Function],
  "getAllByText": [Function],
  "getAllByTitle": [Function],
  "getByAltText": [Function],
  "getByDisplayValue": [Function],
  "getByLabelText": [Function],
  "getByPlaceholderText": [Function],
  "getByRole": [Function],
  "getByTestId": [Function],
  "getByText": [Function],
  "getByTitle": [Function],
  "queryAllByAltText": [Function],
  "queryAllByDisplayValue": [Function],
  "queryAllByLabelText": [Function],
  "queryAllByPlaceholderText": [Function],
  "queryAllByRole": [Function],
  "queryAllByTestId": [Function],
  "queryAllByText": [Function],
  "queryAllByTitle": [Function],
  "queryByAltText": [Function],
  "queryByDisplayValue": [Function],
  "queryByLabelText": [Function],
  "queryByPlaceholderText": [Function],
  "queryByRole": [Function],
  "queryByTestId": [Function],
  "queryByText": [Function],
  "queryByTitle": [Function],
  "rerender": [Function],
  "unmount": [Function],
}
`;
