// Vitest Snapshot v1, https://vitest.dev/guide/snapshot.html

exports[`should render Home component 1`] = `
{
  "asFragment": [Function],
  "baseElement": <body>
    <div>
      <div
        class="flex justify-center text-center"
      >
        <div
          class="md:w-11/12"
        >
          <div
            class="flex p-3 items-center"
          >
            <div
              class="md:w-6/12"
            >
              <h3
                class="text-4xl font-extrabold text-transparent bg-clip-text bg-linear-to-r from-blue-700 to-purple-500"
              >
                Good morning, 
                James Smith
              </h3>
            </div>
            <div
              class="md:w-6/12"
            >
              <div
                class="inline-flex rounded-md shadow-sm"
                role="group"
              >
                <button
                  class="px-4 py-2 text-sm font-medium border border-gray-200 focus:z-10 focus:ring-2 focus:ring-blue-700 dark:border-gray-600 dark:hover:bg-gray-600 dark:focus:ring-blue-500 bg-blue-700 text-white hover:bg-blue-800 focus:bg-blue-800 focus:text-white dark:bg-blue-700 dark:text-white dark:hover:bg-blue-800 dark:focus:bg-blue-800 dark:focus:text-white rounded-l-md "
                  type="button"
                >
                  Last 7 days
                </button>
                <button
                  class="px-4 py-2 text-sm font-medium border border-gray-200 focus:z-10 focus:ring-2 focus:ring-blue-700 dark:border-gray-600 dark:hover:bg-gray-600 dark:focus:ring-blue-500 bg-white text-blue-700 hover:bg-gray-100 focus:text-blue-700 dark:bg-gray-700 dark:text-white dark:focus:text-white  "
                  type="button"
                >
                  Last 30 days
                </button>
                <button
                  class="px-4 py-2 text-sm font-medium border border-gray-200 focus:z-10 focus:ring-2 focus:ring-blue-700 dark:border-gray-600 dark:hover:bg-gray-600 dark:focus:ring-blue-500 bg-white text-blue-700 hover:bg-gray-100 focus:text-blue-700 dark:bg-gray-700 dark:text-white dark:focus:text-white  rounded-r-md"
                  type="button"
                >
                  Last 90 days
                </button>
              </div>
            </div>
          </div>
          <div
            class="flex border-2 rounded"
          >
            <div
              class="flex-1"
            >
              <div
                class="font-bold"
              >
                Tuesday 18
              </div>
            </div>
            <div
              class="flex-1"
            >
              <div
                class="font-bold"
              >
                Q2, 48 days left
              </div>
            </div>
            <div
              class="flex-1"
            >
              <div
                class="font-bold"
              >
                Actual Rev.
                : 
                $300k
              </div>
            </div>
            <div
              class="flex-1"
            >
              <div
                class="font-bold"
              >
                Open Rev.
                : 
                $150k
              </div>
            </div>
            <div
              class="flex-1"
            >
              <div
                class="font-bold"
              >
                Deals-Won
                : 
                $280k
              </div>
            </div>
            <div
              class="flex-1"
            >
              <div
                class="font-bold"
              >
                Win-Rate
                : 
                63%
              </div>
            </div>
            <div
              class="flex-1"
            >
              <div
                class="font-bold"
              >
                Avg. Deal Size
                : 
                58%
              </div>
            </div>
          </div>
          <div
            class="flex mt-3 p-3"
          >
            <div
              class="w-full"
            >
              <h3
                class="font-bold"
              >
                What are your customers talking about?
              </h3>
              <p>
                Understand what's happening on sales calls, so you can coach your sellers better.
              </p>
              <div
                class="flex items-center mt-3 border-2 rounded shadow"
              >
                <div
                  class="md:w-1/2"
                >
                  <canvas
                    height="0"
                    role="img"
                    style="display: block; box-sizing: border-box; height: 0px; width: 0px;"
                    width="0"
                  />
                </div>
                <div
                  class="md:w-1/2"
                >
                  <div>
                    <h4>
                      Tracked keywords 
                      <span
                        class="font-bold"
                      >
                        3D Printing
                      </span>
                       and 
                      <span
                        class="font-bold"
                      >
                        Manufacturing
                      </span>
                       are trending upward across sales calls
                    </h4>
                    <p
                      class="text-gray-500"
                    >
                      Tracked keywords can provide insights into what your customers are talking about, which could surface sales opportunities.
                    </p>
                  </div>
                </div>
              </div>
              <div
                class="flex items-center mt-3 border-2 rounded shadow"
              >
                <div
                  class="md:w-1/2"
                >
                  <canvas
                    height="0"
                    role="img"
                    style="display: block; box-sizing: border-box; height: 0px; width: 0px;"
                    width="0"
                  />
                </div>
                <div
                  class="md:w-1/2"
                >
                  <div>
                    <h4>
                      35 sales calls have noticeably higher positive sentiment than average
                    </h4>
                    <p
                      class="text-gray-500"
                    >
                      Negative sentiment might indicate that customers are expressing pain points, which could present coaching opportunities.
                    </p>
                  </div>
                </div>
              </div>
              <div
                class="flex items-center mt-3 border-2 rounded shadow"
              >
                <div
                  class="md:w-1/2"
                >
                  <canvas
                    height="0"
                    role="img"
                    style="display: block; box-sizing: border-box; height: 0px; width: 0px;"
                    width="0"
                  />
                </div>
                <div
                  class="md:w-1/2"
                >
                  <div>
                    <h4>
                      Customer mentions of the brands 
                      <span
                        class="font-bold"
                      >
                        Brand 1
                      </span>
                       and 
                      <span
                        class="font-bold"
                      >
                        Brand 2
                      </span>
                       have been detected across sales calls
                    </h4>
                    <p
                      class="text-gray-500"
                    >
                      When customers mention brands, it can surface new competitors and opportunities to update sales strategies
                    </p>
                  </div>
                </div>
              </div>
            </div>
          </div>
          <div
            class="flex mt-3"
          >
            <div
              class="w-full"
            >
              <h3
                class="font-bold"
              >
                Team Insights
              </h3>
              <div
                class="flex mt-3 mb-3 p-3 bg-gray-100 border rounded"
              >
                <div
                  class="w-full"
                >
                  <div
                    class="flex"
                  >
                    <div
                      class="w-full"
                    >
                      <div>
                        <span
                          class="text-blue-400"
                        >
                          John Smith
                        </span>
                         and 
                        <span
                          class="text-blue-400"
                        >
                          Peter Potter
                        </span>
                         appear to talk the most, averaging 
                        <span
                          class="font-bold"
                        >
                          68%
                        </span>
                         during calls.
                      </div>
                    </div>
                  </div>
                  <div
                    class="flex mt-3 text-gray-500"
                  >
                    <div
                      class="w-full"
                    >
                      <div>
                        This is 
                        <span
                          class="font-bold"
                        >
                          21%
                        </span>
                         higher than your top performers who average 
                        <span
                          class="font-bold"
                        >
                          56%
                        </span>
                         during calls.
                      </div>
                    </div>
                  </div>
                </div>
              </div>
              <div
                class="flex mt-3 mb-3 p-3 bg-gray-100 border rounded"
              >
                <div
                  class="w-full"
                >
                  <div
                    class="flex"
                  >
                    <div
                      class="w-full"
                    >
                      <div>
                        <span
                          class="text-blue-400"
                        >
                          Jane Smith
                        </span>
                         appears to talk the least, averaging 
                        <span
                          class="font-bold"
                        >
                          51%
                        </span>
                         during calls.
                      </div>
                    </div>
                  </div>
                  <div
                    class="flex mt-3 text-gray-500"
                  >
                    <div
                      class="w-full"
                    >
                      <div>
                        This is 
                        <span
                          class="font-bold"
                        >
                          9%
                        </span>
                         lower than your top performers who average 
                        <span
                          class="font-bold"
                        >
                          56%
                        </span>
                         during calls.
                      </div>
                    </div>
                  </div>
                </div>
              </div>
              <div
                class="flex mt-3 mb-3 p-3 bg-gray-100 border rounded"
              >
                <div
                  class="w-full"
                >
                  <div
                    class="flex"
                  >
                    <div
                      class="w-full"
                    >
                      <div>
                        <span
                          class="text-blue-400"
                        >
                          Simon Doe
                        </span>
                         and 
                        <span
                          class="text-blue-400"
                        >
                          William Blake
                        </span>
                         have the lowest talking speed, averaging 
                        <span
                          class="font-bold"
                        >
                          118
                        </span>
                         words per minute.
                      </div>
                    </div>
                  </div>
                  <div
                    class="flex mt-3 text-gray-500"
                  >
                    <div
                      class="w-full"
                    >
                      <div>
                        This is 
                        <span
                          class="font-bold"
                        >
                          21%
                        </span>
                         lower than your top performers who average 
                        <span
                          class="font-bold"
                        >
                          146
                        </span>
                         words per minute.
                      </div>
                    </div>
                  </div>
                </div>
              </div>
            </div>
          </div>
        </div>
      </div>
    </div>
  </body>,
  "container": <div>
    <div
      class="flex justify-center text-center"
    >
      <div
        class="md:w-11/12"
      >
        <div
          class="flex p-3 items-center"
        >
          <div
            class="md:w-6/12"
          >
            <h3
              class="text-4xl font-extrabold text-transparent bg-clip-text bg-linear-to-r from-blue-700 to-purple-500"
            >
              Good morning, 
              James Smith
            </h3>
          </div>
          <div
            class="md:w-6/12"
          >
            <div
              class="inline-flex rounded-md shadow-sm"
              role="group"
            >
              <button
                class="px-4 py-2 text-sm font-medium border border-gray-200 focus:z-10 focus:ring-2 focus:ring-blue-700 dark:border-gray-600 dark:hover:bg-gray-600 dark:focus:ring-blue-500 bg-blue-700 text-white hover:bg-blue-800 focus:bg-blue-800 focus:text-white dark:bg-blue-700 dark:text-white dark:hover:bg-blue-800 dark:focus:bg-blue-800 dark:focus:text-white rounded-l-md "
                type="button"
              >
                Last 7 days
              </button>
              <button
                class="px-4 py-2 text-sm font-medium border border-gray-200 focus:z-10 focus:ring-2 focus:ring-blue-700 dark:border-gray-600 dark:hover:bg-gray-600 dark:focus:ring-blue-500 bg-white text-blue-700 hover:bg-gray-100 focus:text-blue-700 dark:bg-gray-700 dark:text-white dark:focus:text-white  "
                type="button"
              >
                Last 30 days
              </button>
              <button
                class="px-4 py-2 text-sm font-medium border border-gray-200 focus:z-10 focus:ring-2 focus:ring-blue-700 dark:border-gray-600 dark:hover:bg-gray-600 dark:focus:ring-blue-500 bg-white text-blue-700 hover:bg-gray-100 focus:text-blue-700 dark:bg-gray-700 dark:text-white dark:focus:text-white  rounded-r-md"
                type="button"
              >
                Last 90 days
              </button>
            </div>
          </div>
        </div>
        <div
          class="flex border-2 rounded"
        >
          <div
            class="flex-1"
          >
            <div
              class="font-bold"
            >
              Tuesday 18
            </div>
          </div>
          <div
            class="flex-1"
          >
            <div
              class="font-bold"
            >
              Q2, 48 days left
            </div>
          </div>
          <div
            class="flex-1"
          >
            <div
              class="font-bold"
            >
              Actual Rev.
              : 
              $300k
            </div>
          </div>
          <div
            class="flex-1"
          >
            <div
              class="font-bold"
            >
              Open Rev.
              : 
              $150k
            </div>
          </div>
          <div
            class="flex-1"
          >
            <div
              class="font-bold"
            >
              Deals-Won
              : 
              $280k
            </div>
          </div>
          <div
            class="flex-1"
          >
            <div
              class="font-bold"
            >
              Win-Rate
              : 
              63%
            </div>
          </div>
          <div
            class="flex-1"
          >
            <div
              class="font-bold"
            >
              Avg. Deal Size
              : 
              58%
            </div>
          </div>
        </div>
        <div
          class="flex mt-3 p-3"
        >
          <div
            class="w-full"
          >
            <h3
              class="font-bold"
            >
              What are your customers talking about?
            </h3>
            <p>
              Understand what's happening on sales calls, so you can coach your sellers better.
            </p>
            <div
              class="flex items-center mt-3 border-2 rounded shadow"
            >
              <div
                class="md:w-1/2"
              >
                <canvas
                  height="0"
                  role="img"
                  style="display: block; box-sizing: border-box; height: 0px; width: 0px;"
                  width="0"
                />
              </div>
              <div
                class="md:w-1/2"
              >
                <div>
                  <h4>
                    Tracked keywords 
                    <span
                      class="font-bold"
                    >
                      3D Printing
                    </span>
                     and 
                    <span
                      class="font-bold"
                    >
                      Manufacturing
                    </span>
                     are trending upward across sales calls
                  </h4>
                  <p
                    class="text-gray-500"
                  >
                    Tracked keywords can provide insights into what your customers are talking about, which could surface sales opportunities.
                  </p>
                </div>
              </div>
            </div>
            <div
              class="flex items-center mt-3 border-2 rounded shadow"
            >
              <div
                class="md:w-1/2"
              >
                <canvas
                  height="0"
                  role="img"
                  style="display: block; box-sizing: border-box; height: 0px; width: 0px;"
                  width="0"
                />
              </div>
              <div
                class="md:w-1/2"
              >
                <div>
                  <h4>
                    35 sales calls have noticeably higher positive sentiment than average
                  </h4>
                  <p
                    class="text-gray-500"
                  >
                    Negative sentiment might indicate that customers are expressing pain points, which could present coaching opportunities.
                  </p>
                </div>
              </div>
            </div>
            <div
              class="flex items-center mt-3 border-2 rounded shadow"
            >
              <div
                class="md:w-1/2"
              >
                <canvas
                  height="0"
                  role="img"
                  style="display: block; box-sizing: border-box; height: 0px; width: 0px;"
                  width="0"
                />
              </div>
              <div
                class="md:w-1/2"
              >
                <div>
                  <h4>
                    Customer mentions of the brands 
                    <span
                      class="font-bold"
                    >
                      Brand 1
                    </span>
                     and 
                    <span
                      class="font-bold"
                    >
                      Brand 2
                    </span>
                     have been detected across sales calls
                  </h4>
                  <p
                    class="text-gray-500"
                  >
                    When customers mention brands, it can surface new competitors and opportunities to update sales strategies
                  </p>
                </div>
              </div>
            </div>
          </div>
        </div>
        <div
          class="flex mt-3"
        >
          <div
            class="w-full"
          >
            <h3
              class="font-bold"
            >
              Team Insights
            </h3>
            <div
              class="flex mt-3 mb-3 p-3 bg-gray-100 border rounded"
            >
              <div
                class="w-full"
              >
                <div
                  class="flex"
                >
                  <div
                    class="w-full"
                  >
                    <div>
                      <span
                        class="text-blue-400"
                      >
                        John Smith
                      </span>
                       and 
                      <span
                        class="text-blue-400"
                      >
                        Peter Potter
                      </span>
                       appear to talk the most, averaging 
                      <span
                        class="font-bold"
                      >
                        68%
                      </span>
                       during calls.
                    </div>
                  </div>
                </div>
                <div
                  class="flex mt-3 text-gray-500"
                >
                  <div
                    class="w-full"
                  >
                    <div>
                      This is 
                      <span
                        class="font-bold"
                      >
                        21%
                      </span>
                       higher than your top performers who average 
                      <span
                        class="font-bold"
                      >
                        56%
                      </span>
                       during calls.
                    </div>
                  </div>
                </div>
              </div>
            </div>
            <div
              class="flex mt-3 mb-3 p-3 bg-gray-100 border rounded"
            >
              <div
                class="w-full"
              >
                <div
                  class="flex"
                >
                  <div
                    class="w-full"
                  >
                    <div>
                      <span
                        class="text-blue-400"
                      >
                        Jane Smith
                      </span>
                       appears to talk the least, averaging 
                      <span
                        class="font-bold"
                      >
                        51%
                      </span>
                       during calls.
                    </div>
                  </div>
                </div>
                <div
                  class="flex mt-3 text-gray-500"
                >
                  <div
                    class="w-full"
                  >
                    <div>
                      This is 
                      <span
                        class="font-bold"
                      >
                        9%
                      </span>
                       lower than your top performers who average 
                      <span
                        class="font-bold"
                      >
                        56%
                      </span>
                       during calls.
                    </div>
                  </div>
                </div>
              </div>
            </div>
            <div
              class="flex mt-3 mb-3 p-3 bg-gray-100 border rounded"
            >
              <div
                class="w-full"
              >
                <div
                  class="flex"
                >
                  <div
                    class="w-full"
                  >
                    <div>
                      <span
                        class="text-blue-400"
                      >
                        Simon Doe
                      </span>
                       and 
                      <span
                        class="text-blue-400"
                      >
                        William Blake
                      </span>
                       have the lowest talking speed, averaging 
                      <span
                        class="font-bold"
                      >
                        118
                      </span>
                       words per minute.
                    </div>
                  </div>
                </div>
                <div
                  class="flex mt-3 text-gray-500"
                >
                  <div
                    class="w-full"
                  >
                    <div>
                      This is 
                      <span
                        class="font-bold"
                      >
                        21%
                      </span>
                       lower than your top performers who average 
                      <span
                        class="font-bold"
                      >
                        146
                      </span>
                       words per minute.
                    </div>
                  </div>
                </div>
              </div>
            </div>
          </div>
        </div>
      </div>
    </div>
  </div>,
  "debug": [Function],
  "findAllByAltText": [Function],
  "findAllByDisplayValue": [Function],
  "findAllByLabelText": [Function],
  "findAllByPlaceholderText": [Function],
  "findAllByRole": [Function],
  "findAllByTestId": [Function],
  "findAllByText": [Function],
  "findAllByTitle": [Function],
  "findByAltText": [Function],
  "findByDisplayValue": [Function],
  "findByLabelText": [Function],
  "findByPlaceholderText": [Function],
  "findByRole": [Function],
  "findByTestId": [Function],
  "findByText": [Function],
  "findByTitle": [Function],
  "getAllByAltText": [Function],
  "getAllByDisplayValue": [Function],
  "getAllByLabelText": [Function],
  "getAllByPlaceholderText": [Function],
  "getAllByRole": [Function],
  "getAllByTestId": [Function],
  "getAllByText": [Function],
  "getAllByTitle": [Function],
  "getByAltText": [Function],
  "getByDisplayValue": [Function],
  "getByLabelText": [Function],
  "getByPlaceholderText": [Function],
  "getByRole": [Function],
  "getByTestId": [Function],
  "getByText": [Function],
  "getByTitle": [Function],
  "queryAllByAltText": [Function],
  "queryAllByDisplayValue": [Function],
  "queryAllByLabelText": [Function],
  "queryAllByPlaceholderText": [Function],
  "queryAllByRole": [Function],
  "queryAllByTestId": [Function],
  "queryAllByText": [Function],
  "queryAllByTitle": [Function],
  "queryByAltText": [Function],
  "queryByDisplayValue": [Function],
  "queryByLabelText": [Function],
  "queryByPlaceholderText": [Function],
  "queryByRole": [Function],
  "queryByTestId": [Function],
  "queryByText": [Function],
  "queryByTitle": [Function],
  "rerender": [Function],
  "unmount": [Function],
}
`;
