// Vitest Snapshot v1, https://vitest.dev/guide/snapshot.html

exports[`should render StatisticRow component 1`] = `
{
  "asFragment": [Function],
  "baseElement": <body>
    <div>
      <div
        class="grid grid-cols-1 md:grid-cols-5 gap-4 my-8 px-3 cursor-default"
      >
        <div
          class="bg-white p-4 rounded-lg shadow-md flex flex-col items-center justify-center text-center"
        >
          <i
            class="bi bi-cash-coin text-3xl text-blue-500 mb-2"
          />
          <div
            class="text-2xl font-bold"
          >
            $300k
          </div>
          <div
            class="text-sm text-gray-500"
          >
            Actual Rev.
          </div>
        </div>
        <div
          class="bg-white p-4 rounded-lg shadow-md flex flex-col items-center justify-center text-center"
        >
          <i
            class="bi bi-wallet2 text-3xl text-blue-500 mb-2"
          />
          <div
            class="text-2xl font-bold"
          >
            $150k
          </div>
          <div
            class="text-sm text-gray-500"
          >
            Open Rev.
          </div>
        </div>
        <div
          class="bg-white p-4 rounded-lg shadow-md flex flex-col items-center justify-center text-center"
        >
          <i
            class="bi bi-trophy text-3xl text-blue-500 mb-2"
          />
          <div
            class="text-2xl font-bold"
          >
            $280k
          </div>
          <div
            class="text-sm text-gray-500"
          >
            Deals-Won
          </div>
        </div>
        <div
          class="bg-white p-4 rounded-lg shadow-md flex flex-col items-center justify-center text-center"
        >
          <i
            class="bi bi-graph-up-arrow text-3xl text-blue-500 mb-2"
          />
          <div
            class="text-2xl font-bold"
          >
            63%
          </div>
          <div
            class="text-sm text-gray-500"
          >
            Win-Rate
          </div>
        </div>
        <div
          class="bg-white p-4 rounded-lg shadow-md flex flex-col items-center justify-center text-center"
        >
          <i
            class="bi bi-pie-chart text-3xl text-blue-500 mb-2"
          />
          <div
            class="text-2xl font-bold"
          >
            58%
          </div>
          <div
            class="text-sm text-gray-500"
          >
            Avg. Deal Size
          </div>
        </div>
      </div>
    </div>
  </body>,
  "container": <div>
    <div
      class="grid grid-cols-1 md:grid-cols-5 gap-4 my-8 px-3 cursor-default"
    >
      <div
        class="bg-white p-4 rounded-lg shadow-md flex flex-col items-center justify-center text-center"
      >
        <i
          class="bi bi-cash-coin text-3xl text-blue-500 mb-2"
        />
        <div
          class="text-2xl font-bold"
        >
          $300k
        </div>
        <div
          class="text-sm text-gray-500"
        >
          Actual Rev.
        </div>
      </div>
      <div
        class="bg-white p-4 rounded-lg shadow-md flex flex-col items-center justify-center text-center"
      >
        <i
          class="bi bi-wallet2 text-3xl text-blue-500 mb-2"
        />
        <div
          class="text-2xl font-bold"
        >
          $150k
        </div>
        <div
          class="text-sm text-gray-500"
        >
          Open Rev.
        </div>
      </div>
      <div
        class="bg-white p-4 rounded-lg shadow-md flex flex-col items-center justify-center text-center"
      >
        <i
          class="bi bi-trophy text-3xl text-blue-500 mb-2"
        />
        <div
          class="text-2xl font-bold"
        >
          $280k
        </div>
        <div
          class="text-sm text-gray-500"
        >
          Deals-Won
        </div>
      </div>
      <div
        class="bg-white p-4 rounded-lg shadow-md flex flex-col items-center justify-center text-center"
      >
        <i
          class="bi bi-graph-up-arrow text-3xl text-blue-500 mb-2"
        />
        <div
          class="text-2xl font-bold"
        >
          63%
        </div>
        <div
          class="text-sm text-gray-500"
        >
          Win-Rate
        </div>
      </div>
      <div
        class="bg-white p-4 rounded-lg shadow-md flex flex-col items-center justify-center text-center"
      >
        <i
          class="bi bi-pie-chart text-3xl text-blue-500 mb-2"
        />
        <div
          class="text-2xl font-bold"
        >
          58%
        </div>
        <div
          class="text-sm text-gray-500"
        >
          Avg. Deal Size
        </div>
      </div>
    </div>
  </div>,
  "debug": [Function],
  "findAllByAltText": [Function],
  "findAllByDisplayValue": [Function],
  "findAllByLabelText": [Function],
  "findAllByPlaceholderText": [Function],
  "findAllByRole": [Function],
  "findAllByTestId": [Function],
  "findAllByText": [Function],
  "findAllByTitle": [Function],
  "findByAltText": [Function],
  "findByDisplayValue": [Function],
  "findByLabelText": [Function],
  "findByPlaceholderText": [Function],
  "findByRole": [Function],
  "findByTestId": [Function],
  "findByText": [Function],
  "findByTitle": [Function],
  "getAllByAltText": [Function],
  "getAllByDisplayValue": [Function],
  "getAllByLabelText": [Function],
  "getAllByPlaceholderText": [Function],
  "getAllByRole": [Function],
  "getAllByTestId": [Function],
  "getAllByText": [Function],
  "getAllByTitle": [Function],
  "getByAltText": [Function],
  "getByDisplayValue": [Function],
  "getByLabelText": [Function],
  "getByPlaceholderText": [Function],
  "getByRole": [Function],
  "getByTestId": [Function],
  "getByText": [Function],
  "getByTitle": [Function],
  "queryAllByAltText": [Function],
  "queryAllByDisplayValue": [Function],
  "queryAllByLabelText": [Function],
  "queryAllByPlaceholderText": [Function],
  "queryAllByRole": [Function],
  "queryAllByTestId": [Function],
  "queryAllByText": [Function],
  "queryAllByTitle": [Function],
  "queryByAltText": [Function],
  "queryByDisplayValue": [Function],
  "queryByLabelText": [Function],
  "queryByPlaceholderText": [Function],
  "queryByRole": [Function],
  "queryByTestId": [Function],
  "queryByText": [Function],
  "queryByTitle": [Function],
  "rerender": [Function],
  "unmount": [Function],
}
`;
