// Vitest Snapshot v1, https://vitest.dev/guide/snapshot.html

exports[`Header > should render the Header component and match snapshot 1`] = `
<DocumentFragment>
  <header
    class="flex bg-blue-500 p-2 justify-between items-center"
  >
    <div
      class="w-1/12 md:w-1/12"
    >
      <button
        aria-label="Menu"
        class="block md:hidden"
      >
        <i
          class="bi bi-grid-3x3-gap text-white text-3xl"
        />
      </button>
    </div>
    <div
      class="w-3/12 md:w-1/12 flex items-center gap-4 m-2"
    >
      <button
        aria-label="Information"
        class="cursor-pointer"
      >
        <i
          class="bi bi-info-circle text-white text-3xl"
        />
      </button>
      <img
        alt="user"
        class="w-12 h-12 rounded-full ml-1"
        src="https://randomuser.me/api/portraits/men/18.jpg"
      />
    </div>
  </header>
</DocumentFragment>
`;
