// Vitest Snapshot v1, https://vitest.dev/guide/snapshot.html

exports[`should render SidebarLayout component 1`] = `
{
  "asFragment": [Function],
  "baseElement": <body>
    <div>
      <div
        class="row g-0"
      >
        <div
          class="col-md-2"
        >
          <aside
            class="ps-sidebar-root css-1p7obn9"
            data-testid="ps-sidebar-root-test-id"
            width="210px"
          >
            <div
              class="ps-sidebar-container css-dip3t8"
              data-testid="ps-sidebar-container-test-id"
            >
              <nav
                class="ps-menu-root css-vj11vy"
              >
                <ul
                  class="css-ewdv3l"
                >
                  <a
                    class="d-block border mt-1 ms-1 p-2 text-decoration-none bg-transparent text-primary rounded"
                    data-discover="true"
                    href="/"
                  >
                    <i
                      class="bi bi-house-door"
                    />
                     
                    <span
                      class="fw-bold"
                    >
                      Home
                    </span>
                  </a>
                  <a
                    class="d-block border ms-1 p-2 text-decoration-none bg-transparent text-primary rounded"
                    data-discover="true"
                    href="/transcript-summary"
                  >
                    <i
                      class="bi bi-card-list"
                    />
                     
                    <span
                      class="fw-bold"
                    >
                      Transcript Summary
                    </span>
                  </a>
                  <a
                    class="d-block border ms-1 p-2 text-decoration-none bg-transparent text-primary rounded"
                    data-discover="true"
                    href="/seller-details"
                  >
                    <i
                      class="bi bi-person"
                    />
                     
                    <span
                      class="fw-bold"
                    >
                      Seller Details
                    </span>
                  </a>
                </ul>
              </nav>
            </div>
          </aside>
        </div>
        <div
          class="col-md-10"
        >
          <div>
            content
          </div>
        </div>
      </div>
    </div>
  </body>,
  "container": <div>
    <div
      class="row g-0"
    >
      <div
        class="col-md-2"
      >
        <aside
          class="ps-sidebar-root css-1p7obn9"
          data-testid="ps-sidebar-root-test-id"
          width="210px"
        >
          <div
            class="ps-sidebar-container css-dip3t8"
            data-testid="ps-sidebar-container-test-id"
          >
            <nav
              class="ps-menu-root css-vj11vy"
            >
              <ul
                class="css-ewdv3l"
              >
                <a
                  class="d-block border mt-1 ms-1 p-2 text-decoration-none bg-transparent text-primary rounded"
                  data-discover="true"
                  href="/"
                >
                  <i
                    class="bi bi-house-door"
                  />
                   
                  <span
                    class="fw-bold"
                  >
                    Home
                  </span>
                </a>
                <a
                  class="d-block border ms-1 p-2 text-decoration-none bg-transparent text-primary rounded"
                  data-discover="true"
                  href="/transcript-summary"
                >
                  <i
                    class="bi bi-card-list"
                  />
                   
                  <span
                    class="fw-bold"
                  >
                    Transcript Summary
                  </span>
                </a>
                <a
                  class="d-block border ms-1 p-2 text-decoration-none bg-transparent text-primary rounded"
                  data-discover="true"
                  href="/seller-details"
                >
                  <i
                    class="bi bi-person"
                  />
                   
                  <span
                    class="fw-bold"
                  >
                    Seller Details
                  </span>
                </a>
              </ul>
            </nav>
          </div>
        </aside>
      </div>
      <div
        class="col-md-10"
      >
        <div>
          content
        </div>
      </div>
    </div>
  </div>,
  "debug": [Function],
  "findAllByAltText": [Function],
  "findAllByDisplayValue": [Function],
  "findAllByLabelText": [Function],
  "findAllByPlaceholderText": [Function],
  "findAllByRole": [Function],
  "findAllByTestId": [Function],
  "findAllByText": [Function],
  "findAllByTitle": [Function],
  "findByAltText": [Function],
  "findByDisplayValue": [Function],
  "findByLabelText": [Function],
  "findByPlaceholderText": [Function],
  "findByRole": [Function],
  "findByTestId": [Function],
  "findByText": [Function],
  "findByTitle": [Function],
  "getAllByAltText": [Function],
  "getAllByDisplayValue": [Function],
  "getAllByLabelText": [Function],
  "getAllByPlaceholderText": [Function],
  "getAllByRole": [Function],
  "getAllByTestId": [Function],
  "getAllByText": [Function],
  "getAllByTitle": [Function],
  "getByAltText": [Function],
  "getByDisplayValue": [Function],
  "getByLabelText": [Function],
  "getByPlaceholderText": [Function],
  "getByRole": [Function],
  "getByTestId": [Function],
  "getByText": [Function],
  "getByTitle": [Function],
  "queryAllByAltText": [Function],
  "queryAllByDisplayValue": [Function],
  "queryAllByLabelText": [Function],
  "queryAllByPlaceholderText": [Function],
  "queryAllByRole": [Function],
  "queryAllByTestId": [Function],
  "queryAllByText": [Function],
  "queryAllByTitle": [Function],
  "queryByAltText": [Function],
  "queryByDisplayValue": [Function],
  "queryByLabelText": [Function],
  "queryByPlaceholderText": [Function],
  "queryByRole": [Function],
  "queryByTestId": [Function],
  "queryByText": [Function],
  "queryByTitle": [Function],
  "rerender": [Function],
  "unmount": [Function],
}
`;
