// Vitest Snapshot v1, https://vitest.dev/guide/snapshot.html

exports[`should render TeamInsights component 1`] = `
{
  "asFragment": [Function],
  "baseElement": <body>
    <div>
      <div
        class="flex p-3 pb-10"
      >
        <div
          class="w-full bg-white rounded-lg shadow-md p-6 mt-6"
        >
          <h4
            class="text-lg font-semibold text-gray-800 border-b border-gray-200 pb-2 mb-4"
          >
            Team Insights
          </h4>
          <div
            class="hidden md:flex text-sm text-gray-500 font-semibold mb-2"
          >
            <div
              class="w-3/12"
            >
              SELLER
            </div>
            <div
              class="w-3/12"
            >
              METRIC
            </div>
            <div
              class="w-3/12"
            >
              VALUE
            </div>
            <div
              class="w-3/12"
            >
              COMPARISON
            </div>
          </div>
          <div
            class="flex flex-col"
          >
            <div
              class="flex flex-col md:flex-row items-center py-5 border-b border-gray-200 last:border-b-0"
            >
              <div
                class="w-full md:w-3/12 flex items-center mb-2 md:mb-0"
              >
                <img
                  alt="John Smith"
                  class="w-10 h-10 rounded-full mr-3"
                  src="https://i.pravatar.cc/150?u=johnsmith"
                />
                <span
                  class="font-semibold text-gray-800"
                >
                  John Smith
                </span>
              </div>
              <div
                class="w-full md:w-3/12 text-gray-600 mb-2 md:mb-0"
              >
                Talk Ratio
              </div>
              <div
                class="w-full md:w-3/12 font-bold text-gray-800 mb-2 md:mb-0"
              >
                68%
              </div>
              <div
                class="w-full md:w-3/12 text-gray-500 text-sm"
              >
                +21% vs. Top Performers
              </div>
            </div>
            <div
              class="flex flex-col md:flex-row items-center py-5 border-b border-gray-200 last:border-b-0"
            >
              <div
                class="w-full md:w-3/12 flex items-center mb-2 md:mb-0"
              >
                <img
                  alt="Jane Smith"
                  class="w-10 h-10 rounded-full mr-3"
                  src="https://i.pravatar.cc/150?u=janesmith"
                />
                <span
                  class="font-semibold text-gray-800"
                >
                  Jane Smith
                </span>
              </div>
              <div
                class="w-full md:w-3/12 text-gray-600 mb-2 md:mb-0"
              >
                Talk Ratio
              </div>
              <div
                class="w-full md:w-3/12 font-bold text-gray-800 mb-2 md:mb-0"
              >
                51%
              </div>
              <div
                class="w-full md:w-3/12 text-gray-500 text-sm"
              >
                -9% vs. Top Performers
              </div>
            </div>
            <div
              class="flex flex-col md:flex-row items-center py-5 border-b border-gray-200 last:border-b-0"
            >
              <div
                class="w-full md:w-3/12 flex items-center mb-2 md:mb-0"
              >
                <img
                  alt="Simon Doe"
                  class="w-10 h-10 rounded-full mr-3"
                  src="https://i.pravatar.cc/150?u=simondoe"
                />
                <span
                  class="font-semibold text-gray-800"
                >
                  Simon Doe
                </span>
              </div>
              <div
                class="w-full md:w-3/12 text-gray-600 mb-2 md:mb-0"
              >
                Words Per Minute
              </div>
              <div
                class="w-full md:w-3/12 font-bold text-gray-800 mb-2 md:mb-0"
              >
                118
              </div>
              <div
                class="w-full md:w-3/12 text-gray-500 text-sm"
              >
                -21% vs. Top Performers
              </div>
            </div>
            <div
              class="flex flex-col md:flex-row items-center py-5 border-b border-gray-200 last:border-b-0"
            >
              <div
                class="w-full md:w-3/12 flex items-center mb-2 md:mb-0"
              >
                <img
                  alt="William Blake"
                  class="w-10 h-10 rounded-full mr-3"
                  src="https://i.pravatar.cc/150?u=williamblake"
                />
                <span
                  class="font-semibold text-gray-800"
                >
                  William Blake
                </span>
              </div>
              <div
                class="w-full md:w-3/12 text-gray-600 mb-2 md:mb-0"
              >
                Words Per Minute
              </div>
              <div
                class="w-full md:w-3/12 font-bold text-gray-800 mb-2 md:mb-0"
              >
                118
              </div>
              <div
                class="w-full md:w-3/12 text-gray-500 text-sm"
              >
                -21% vs. Top Performers
              </div>
            </div>
          </div>
        </div>
      </div>
    </div>
  </body>,
  "container": <div>
    <div
      class="flex p-3 pb-10"
    >
      <div
        class="w-full bg-white rounded-lg shadow-md p-6 mt-6"
      >
        <h4
          class="text-lg font-semibold text-gray-800 border-b border-gray-200 pb-2 mb-4"
        >
          Team Insights
        </h4>
        <div
          class="hidden md:flex text-sm text-gray-500 font-semibold mb-2"
        >
          <div
            class="w-3/12"
          >
            SELLER
          </div>
          <div
            class="w-3/12"
          >
            METRIC
          </div>
          <div
            class="w-3/12"
          >
            VALUE
          </div>
          <div
            class="w-3/12"
          >
            COMPARISON
          </div>
        </div>
        <div
          class="flex flex-col"
        >
          <div
            class="flex flex-col md:flex-row items-center py-5 border-b border-gray-200 last:border-b-0"
          >
            <div
              class="w-full md:w-3/12 flex items-center mb-2 md:mb-0"
            >
              <img
                alt="John Smith"
                class="w-10 h-10 rounded-full mr-3"
                src="https://i.pravatar.cc/150?u=johnsmith"
              />
              <span
                class="font-semibold text-gray-800"
              >
                John Smith
              </span>
            </div>
            <div
              class="w-full md:w-3/12 text-gray-600 mb-2 md:mb-0"
            >
              Talk Ratio
            </div>
            <div
              class="w-full md:w-3/12 font-bold text-gray-800 mb-2 md:mb-0"
            >
              68%
            </div>
            <div
              class="w-full md:w-3/12 text-gray-500 text-sm"
            >
              +21% vs. Top Performers
            </div>
          </div>
          <div
            class="flex flex-col md:flex-row items-center py-5 border-b border-gray-200 last:border-b-0"
          >
            <div
              class="w-full md:w-3/12 flex items-center mb-2 md:mb-0"
            >
              <img
                alt="Jane Smith"
                class="w-10 h-10 rounded-full mr-3"
                src="https://i.pravatar.cc/150?u=janesmith"
              />
              <span
                class="font-semibold text-gray-800"
              >
                Jane Smith
              </span>
            </div>
            <div
              class="w-full md:w-3/12 text-gray-600 mb-2 md:mb-0"
            >
              Talk Ratio
            </div>
            <div
              class="w-full md:w-3/12 font-bold text-gray-800 mb-2 md:mb-0"
            >
              51%
            </div>
            <div
              class="w-full md:w-3/12 text-gray-500 text-sm"
            >
              -9% vs. Top Performers
            </div>
          </div>
          <div
            class="flex flex-col md:flex-row items-center py-5 border-b border-gray-200 last:border-b-0"
          >
            <div
              class="w-full md:w-3/12 flex items-center mb-2 md:mb-0"
            >
              <img
                alt="Simon Doe"
                class="w-10 h-10 rounded-full mr-3"
                src="https://i.pravatar.cc/150?u=simondoe"
              />
              <span
                class="font-semibold text-gray-800"
              >
                Simon Doe
              </span>
            </div>
            <div
              class="w-full md:w-3/12 text-gray-600 mb-2 md:mb-0"
            >
              Words Per Minute
            </div>
            <div
              class="w-full md:w-3/12 font-bold text-gray-800 mb-2 md:mb-0"
            >
              118
            </div>
            <div
              class="w-full md:w-3/12 text-gray-500 text-sm"
            >
              -21% vs. Top Performers
            </div>
          </div>
          <div
            class="flex flex-col md:flex-row items-center py-5 border-b border-gray-200 last:border-b-0"
          >
            <div
              class="w-full md:w-3/12 flex items-center mb-2 md:mb-0"
            >
              <img
                alt="William Blake"
                class="w-10 h-10 rounded-full mr-3"
                src="https://i.pravatar.cc/150?u=williamblake"
              />
              <span
                class="font-semibold text-gray-800"
              >
                William Blake
              </span>
            </div>
            <div
              class="w-full md:w-3/12 text-gray-600 mb-2 md:mb-0"
            >
              Words Per Minute
            </div>
            <div
              class="w-full md:w-3/12 font-bold text-gray-800 mb-2 md:mb-0"
            >
              118
            </div>
            <div
              class="w-full md:w-3/12 text-gray-500 text-sm"
            >
              -21% vs. Top Performers
            </div>
          </div>
        </div>
      </div>
    </div>
  </div>,
  "debug": [Function],
  "findAllByAltText": [Function],
  "findAllByDisplayValue": [Function],
  "findAllByLabelText": [Function],
  "findAllByPlaceholderText": [Function],
  "findAllByRole": [Function],
  "findAllByTestId": [Function],
  "findAllByText": [Function],
  "findAllByTitle": [Function],
  "findByAltText": [Function],
  "findByDisplayValue": [Function],
  "findByLabelText": [Function],
  "findByPlaceholderText": [Function],
  "findByRole": [Function],
  "findByTestId": [Function],
  "findByText": [Function],
  "findByTitle": [Function],
  "getAllByAltText": [Function],
  "getAllByDisplayValue": [Function],
  "getAllByLabelText": [Function],
  "getAllByPlaceholderText": [Function],
  "getAllByRole": [Function],
  "getAllByTestId": [Function],
  "getAllByText": [Function],
  "getAllByTitle": [Function],
  "getByAltText": [Function],
  "getByDisplayValue": [Function],
  "getByLabelText": [Function],
  "getByPlaceholderText": [Function],
  "getByRole": [Function],
  "getByTestId": [Function],
  "getByText": [Function],
  "getByTitle": [Function],
  "queryAllByAltText": [Function],
  "queryAllByDisplayValue": [Function],
  "queryAllByLabelText": [Function],
  "queryAllByPlaceholderText": [Function],
  "queryAllByRole": [Function],
  "queryAllByTestId": [Function],
  "queryAllByText": [Function],
  "queryAllByTitle": [Function],
  "queryByAltText": [Function],
  "queryByDisplayValue": [Function],
  "queryByLabelText": [Function],
  "queryByPlaceholderText": [Function],
  "queryByRole": [Function],
  "queryByTestId": [Function],
  "queryByText": [Function],
  "queryByTitle": [Function],
  "rerender": [Function],
  "unmount": [Function],
}
`;
